// Jest Snapshot v1, https://goo.gl/fbAQLP

exports[`It renders correctly Renders 1`] = `null`;

exports[`It renders correctly Renders the rockets page 1`] = `null`;
